[29-Mar-2026 17:20:12 Europe/Berlin] PHP Parse error:  syntax error, unexpected token "if", expecting ")" in C:\xampp\htdocs\gestion-travaux-domiciles4\backend\controllers\ClientController.php on line 11
[29-Mar-2026 17:20:12 Europe/Berlin] PHP Parse error:  syntax error, unexpected token "if", expecting ")" in C:\xampp\htdocs\gestion-travaux-domiciles4\backend\controllers\ChatController.php on line 10
[29-Mar-2026 17:20:13 Europe/Berlin] PHP Parse error:  syntax error, unexpected token "if", expecting ")" in C:\xampp\htdocs\gestion-travaux-domiciles4\backend\controllers\ChatController.php on line 10
[29-Mar-2026 17:20:13 Europe/Berlin] PHP Parse error:  syntax error, unexpected token "if", expecting ")" in C:\xampp\htdocs\gestion-travaux-domiciles4\backend\controllers\ClientController.php on line 11
[29-Mar-2026 17:30:27 Europe/Berlin] PHP Parse error:  syntax error, unexpected token "if", expecting ")" in C:\xampp\htdocs\gestion-travaux-domiciles4\backend\controllers\ChatController.php on line 10
[29-Mar-2026 17:30:27 Europe/Berlin] PHP Parse error:  syntax error, unexpected token "if", expecting ")" in C:\xampp\htdocs\gestion-travaux-domiciles4\backend\controllers\ClientController.php on line 11
[29-Mar-2026 17:30:27 Europe/Berlin] PHP Parse error:  syntax error, unexpected token "if", expecting ")" in C:\xampp\htdocs\gestion-travaux-domiciles4\backend\controllers\ChatController.php on line 10
[29-Mar-2026 17:30:28 Europe/Berlin] PHP Parse error:  syntax error, unexpected token "if", expecting ")" in C:\xampp\htdocs\gestion-travaux-domiciles4\backend\controllers\ClientController.php on line 11
[29-Mar-2026 17:31:22 Europe/Berlin] PHP Parse error:  syntax error, unexpected token "if", expecting ")" in C:\xampp\htdocs\gestion-travaux-domiciles4\backend\controllers\ClientController.php on line 11
[29-Mar-2026 17:31:22 Europe/Berlin] PHP Parse error:  syntax error, unexpected token "if", expecting ")" in C:\xampp\htdocs\gestion-travaux-domiciles4\backend\controllers\ChatController.php on line 10
[29-Mar-2026 17:31:22 Europe/Berlin] PHP Parse error:  syntax error, unexpected token "if", expecting ")" in C:\xampp\htdocs\gestion-travaux-domiciles4\backend\controllers\ClientController.php on line 11
[29-Mar-2026 17:31:22 Europe/Berlin] PHP Parse error:  syntax error, unexpected token "if", expecting ")" in C:\xampp\htdocs\gestion-travaux-domiciles4\backend\controllers\ChatController.php on line 10
[29-Mar-2026 17:31:38 Europe/Berlin] PHP Parse error:  syntax error, unexpected token "if", expecting ")" in C:\xampp\htdocs\gestion-travaux-domiciles4\backend\controllers\ClientController.php on line 11
[29-Mar-2026 17:31:38 Europe/Berlin] PHP Parse error:  syntax error, unexpected token "if", expecting ")" in C:\xampp\htdocs\gestion-travaux-domiciles4\backend\controllers\ChatController.php on line 10
[29-Mar-2026 17:31:38 Europe/Berlin] PHP Parse error:  syntax error, unexpected token "if", expecting ")" in C:\xampp\htdocs\gestion-travaux-domiciles4\backend\controllers\ClientController.php on line 11
[29-Mar-2026 17:31:38 Europe/Berlin] PHP Parse error:  syntax error, unexpected token "if", expecting ")" in C:\xampp\htdocs\gestion-travaux-domiciles4\backend\controllers\ChatController.php on line 10
[29-Mar-2026 17:32:58 Europe/Berlin] PHP Parse error:  syntax error, unexpected token "if", expecting ")" in C:\xampp\htdocs\gestion-travaux-domiciles4\backend\controllers\ClientController.php on line 11
[29-Mar-2026 17:32:58 Europe/Berlin] PHP Parse error:  syntax error, unexpected token "if", expecting ")" in C:\xampp\htdocs\gestion-travaux-domiciles4\backend\controllers\ChatController.php on line 10
[29-Mar-2026 17:32:59 Europe/Berlin] PHP Parse error:  syntax error, unexpected token "if", expecting ")" in C:\xampp\htdocs\gestion-travaux-domiciles4\backend\controllers\ClientController.php on line 11
[29-Mar-2026 17:32:59 Europe/Berlin] PHP Parse error:  syntax error, unexpected token "if", expecting ")" in C:\xampp\htdocs\gestion-travaux-domiciles4\backend\controllers\ChatController.php on line 10
[29-Mar-2026 17:54:58 Europe/Berlin] PHP Parse error:  syntax error, unexpected token "if", expecting ")" in C:\xampp\htdocs\gestion-travaux-domiciles4\backend\controllers\ClientController.php on line 11
[29-Mar-2026 17:54:58 Europe/Berlin] PHP Parse error:  syntax error, unexpected token "if", expecting ")" in C:\xampp\htdocs\gestion-travaux-domiciles4\backend\controllers\ChatController.php on line 10
[29-Mar-2026 17:54:59 Europe/Berlin] PHP Parse error:  syntax error, unexpected token "if", expecting ")" in C:\xampp\htdocs\gestion-travaux-domiciles4\backend\controllers\ClientController.php on line 11
[29-Mar-2026 17:54:59 Europe/Berlin] PHP Parse error:  syntax error, unexpected token "if", expecting ")" in C:\xampp\htdocs\gestion-travaux-domiciles4\backend\controllers\ChatController.php on line 10
[29-Mar-2026 18:00:32 Europe/Berlin] PHP Parse error:  syntax error, unexpected token "if", expecting ")" in C:\xampp\htdocs\gestion-travaux-domiciles4\backend\controllers\ChatController.php on line 10
[29-Mar-2026 18:00:33 Europe/Berlin] PHP Parse error:  syntax error, unexpected token "if", expecting ")" in C:\xampp\htdocs\gestion-travaux-domiciles4\backend\controllers\ChatController.php on line 10
[29-Mar-2026 18:05:47 Europe/Berlin] PHP Parse error:  syntax error, unexpected token "if", expecting ")" in C:\xampp\htdocs\gestion-travaux-domiciles4\backend\controllers\ClientController.php on line 57
[29-Mar-2026 18:05:47 Europe/Berlin] PHP Parse error:  syntax error, unexpected token "if", expecting ")" in C:\xampp\htdocs\gestion-travaux-domiciles4\backend\controllers\ClientController.php on line 57
[30-Mar-2026 14:58:37 Europe/Berlin] PHP Parse error:  syntax error, unexpected token "if", expecting ")" in C:\xampp\htdocs\gestion-travaux-domiciles4\backend\controllers\ClientController.php on line 57
[30-Mar-2026 14:58:37 Europe/Berlin] PHP Parse error:  syntax error, unexpected token "if", expecting ")" in C:\xampp\htdocs\gestion-travaux-domiciles4\backend\controllers\ClientController.php on line 57
[31-Mar-2026 00:37:16 Europe/Berlin] PHP Parse error:  syntax error, unexpected token "if", expecting ")" in C:\xampp\htdocs\gestion-travaux-domiciles4\backend\controllers\ClientController.php on line 57
[31-Mar-2026 00:37:16 Europe/Berlin] PHP Parse error:  syntax error, unexpected token "if", expecting ")" in C:\xampp\htdocs\gestion-travaux-domiciles4\backend\controllers\ClientController.php on line 57
[31-Mar-2026 00:44:37 Europe/Berlin] PHP Parse error:  syntax error, unexpected token "if", expecting ")" in C:\xampp\htdocs\gestion-travaux-domiciles4\backend\controllers\ClientController.php on line 57
[31-Mar-2026 00:44:37 Europe/Berlin] PHP Parse error:  syntax error, unexpected token "if", expecting ")" in C:\xampp\htdocs\gestion-travaux-domiciles4\backend\controllers\ClientController.php on line 57
[31-Mar-2026 00:45:23 Europe/Berlin] PHP Parse error:  syntax error, unexpected token "if", expecting ")" in C:\xampp\htdocs\gestion-travaux-domiciles4\backend\controllers\ClientController.php on line 57
[31-Mar-2026 00:45:23 Europe/Berlin] PHP Parse error:  syntax error, unexpected token "if", expecting ")" in C:\xampp\htdocs\gestion-travaux-domiciles4\backend\controllers\ClientController.php on line 57
[31-Mar-2026 00:45:45 Europe/Berlin] PHP Parse error:  syntax error, unexpected token "if", expecting ")" in C:\xampp\htdocs\gestion-travaux-domiciles4\backend\controllers\AdminController.php on line 30
[31-Mar-2026 00:45:46 Europe/Berlin] PHP Parse error:  syntax error, unexpected token "if", expecting ")" in C:\xampp\htdocs\gestion-travaux-domiciles4\backend\controllers\AdminController.php on line 30
[31-Mar-2026 00:45:47 Europe/Berlin] PHP Parse error:  syntax error, unexpected token "if", expecting ")" in C:\xampp\htdocs\gestion-travaux-domiciles4\backend\controllers\ClientController.php on line 57
[31-Mar-2026 00:45:47 Europe/Berlin] PHP Parse error:  syntax error, unexpected token "if", expecting ")" in C:\xampp\htdocs\gestion-travaux-domiciles4\backend\controllers\ClientController.php on line 57
[31-Mar-2026 00:45:48 Europe/Berlin] PHP Parse error:  syntax error, unexpected token "if", expecting ")" in C:\xampp\htdocs\gestion-travaux-domiciles4\backend\controllers\ClientController.php on line 57
[31-Mar-2026 00:45:48 Europe/Berlin] PHP Parse error:  syntax error, unexpected token "if", expecting ")" in C:\xampp\htdocs\gestion-travaux-domiciles4\backend\controllers\ClientController.php on line 57
[31-Mar-2026 00:46:03 Europe/Berlin] PHP Parse error:  syntax error, unexpected token "if", expecting ")" in C:\xampp\htdocs\gestion-travaux-domiciles4\backend\controllers\ClientController.php on line 57
[31-Mar-2026 00:46:03 Europe/Berlin] PHP Parse error:  syntax error, unexpected token "if", expecting ")" in C:\xampp\htdocs\gestion-travaux-domiciles4\backend\controllers\ClientController.php on line 57
[31-Mar-2026 00:46:44 Europe/Berlin] PHP Parse error:  syntax error, unexpected token "if", expecting ")" in C:\xampp\htdocs\gestion-travaux-domiciles4\backend\controllers\ClientController.php on line 57
[31-Mar-2026 00:46:44 Europe/Berlin] PHP Parse error:  syntax error, unexpected token "if", expecting ")" in C:\xampp\htdocs\gestion-travaux-domiciles4\backend\controllers\ClientController.php on line 57
[31-Mar-2026 00:47:29 Europe/Berlin] PHP Parse error:  syntax error, unexpected token "if", expecting ")" in C:\xampp\htdocs\gestion-travaux-domiciles4\backend\controllers\ClientController.php on line 57
[31-Mar-2026 00:47:29 Europe/Berlin] PHP Parse error:  syntax error, unexpected token "if", expecting ")" in C:\xampp\htdocs\gestion-travaux-domiciles4\backend\controllers\ClientController.php on line 57
[31-Mar-2026 00:47:35 Europe/Berlin] PHP Parse error:  syntax error, unexpected token "if", expecting ")" in C:\xampp\htdocs\gestion-travaux-domiciles4\backend\controllers\ClientController.php on line 57
[31-Mar-2026 00:47:36 Europe/Berlin] PHP Parse error:  syntax error, unexpected token "if", expecting ")" in C:\xampp\htdocs\gestion-travaux-domiciles4\backend\controllers\ClientController.php on line 57
[31-Mar-2026 01:04:28 Europe/Berlin] PHP Fatal error:  Uncaught PDOException: SQLSTATE[23000]: Integrity constraint violation: 1048 Column 'worker_id' cannot be null in C:\xampp\htdocs\gestion-travaux-domiciles4\backend\models\Revenue.php:32
Stack trace:
#0 C:\xampp\htdocs\gestion-travaux-domiciles4\backend\models\Revenue.php(32): PDOStatement->execute()
#1 C:\xampp\htdocs\gestion-travaux-domiciles4\backend\controllers\WorkerController.php(112): Revenue->recordRevenue('2', NULL, '78.00')
#2 C:\xampp\htdocs\gestion-travaux-domiciles4\backend\index.php(99): WorkerController->updateJobStatus()
#3 {main}
  thrown in C:\xampp\htdocs\gestion-travaux-domiciles4\backend\models\Revenue.php on line 32
[31-Mar-2026 01:12:16 Europe/Berlin] PHP Fatal error:  Uncaught PDOException: SQLSTATE[23000]: Integrity constraint violation: 1048 Column 'worker_id' cannot be null in C:\xampp\htdocs\gestion-travaux-domiciles4\backend\models\Revenue.php:32
Stack trace:
#0 C:\xampp\htdocs\gestion-travaux-domiciles4\backend\models\Revenue.php(32): PDOStatement->execute()
#1 C:\xampp\htdocs\gestion-travaux-domiciles4\backend\controllers\WorkerController.php(112): Revenue->recordRevenue('2', NULL, '78.00')
#2 C:\xampp\htdocs\gestion-travaux-domiciles4\backend\index.php(99): WorkerController->updateJobStatus()
#3 {main}
  thrown in C:\xampp\htdocs\gestion-travaux-domiciles4\backend\models\Revenue.php on line 32
[31-Mar-2026 01:13:21 Europe/Berlin] PHP Fatal error:  Uncaught PDOException: SQLSTATE[23000]: Integrity constraint violation: 1048 Column 'worker_id' cannot be null in C:\xampp\htdocs\gestion-travaux-domiciles4\backend\models\Revenue.php:32
Stack trace:
#0 C:\xampp\htdocs\gestion-travaux-domiciles4\backend\models\Revenue.php(32): PDOStatement->execute()
#1 C:\xampp\htdocs\gestion-travaux-domiciles4\backend\controllers\WorkerController.php(112): Revenue->recordRevenue('3', NULL, '400.00')
#2 C:\xampp\htdocs\gestion-travaux-domiciles4\backend\index.php(99): WorkerController->updateJobStatus()
#3 {main}
  thrown in C:\xampp\htdocs\gestion-travaux-domiciles4\backend\models\Revenue.php on line 32
[31-Mar-2026 01:13:22 Europe/Berlin] PHP Fatal error:  Uncaught PDOException: SQLSTATE[23000]: Integrity constraint violation: 1048 Column 'worker_id' cannot be null in C:\xampp\htdocs\gestion-travaux-domiciles4\backend\models\Revenue.php:32
Stack trace:
#0 C:\xampp\htdocs\gestion-travaux-domiciles4\backend\models\Revenue.php(32): PDOStatement->execute()
#1 C:\xampp\htdocs\gestion-travaux-domiciles4\backend\controllers\WorkerController.php(112): Revenue->recordRevenue('3', NULL, '400.00')
#2 C:\xampp\htdocs\gestion-travaux-domiciles4\backend\index.php(99): WorkerController->updateJobStatus()
#3 {main}
  thrown in C:\xampp\htdocs\gestion-travaux-domiciles4\backend\models\Revenue.php on line 32
[31-Mar-2026 01:13:22 Europe/Berlin] PHP Fatal error:  Uncaught PDOException: SQLSTATE[23000]: Integrity constraint violation: 1048 Column 'worker_id' cannot be null in C:\xampp\htdocs\gestion-travaux-domiciles4\backend\models\Revenue.php:32
Stack trace:
#0 C:\xampp\htdocs\gestion-travaux-domiciles4\backend\models\Revenue.php(32): PDOStatement->execute()
#1 C:\xampp\htdocs\gestion-travaux-domiciles4\backend\controllers\WorkerController.php(112): Revenue->recordRevenue('3', NULL, '400.00')
#2 C:\xampp\htdocs\gestion-travaux-domiciles4\backend\index.php(99): WorkerController->updateJobStatus()
#3 {main}
  thrown in C:\xampp\htdocs\gestion-travaux-domiciles4\backend\models\Revenue.php on line 32
[31-Mar-2026 01:26:51 Europe/Berlin] PHP Fatal error:  Uncaught PDOException: SQLSTATE[23000]: Integrity constraint violation: 1048 Column 'worker_id' cannot be null in C:\xampp\htdocs\gestion-travaux-domiciles4\backend\models\Revenue.php:32
Stack trace:
#0 C:\xampp\htdocs\gestion-travaux-domiciles4\backend\models\Revenue.php(32): PDOStatement->execute()
#1 C:\xampp\htdocs\gestion-travaux-domiciles4\backend\controllers\WorkerController.php(112): Revenue->recordRevenue('4', NULL, '795.00')
#2 C:\xampp\htdocs\gestion-travaux-domiciles4\backend\index.php(99): WorkerController->updateJobStatus()
#3 {main}
  thrown in C:\xampp\htdocs\gestion-travaux-domiciles4\backend\models\Revenue.php on line 32
[31-Mar-2026 01:39:15 Europe/Berlin] PHP Fatal error:  Uncaught PDOException: SQLSTATE[23000]: Integrity constraint violation: 1048 Column 'worker_id' cannot be null in C:\xampp\htdocs\gestion-travaux-domiciles4\backend\models\Revenue.php:32
Stack trace:
#0 C:\xampp\htdocs\gestion-travaux-domiciles4\backend\models\Revenue.php(32): PDOStatement->execute()
#1 C:\xampp\htdocs\gestion-travaux-domiciles4\backend\controllers\WorkerController.php(112): Revenue->recordRevenue('3', NULL, '400.00')
#2 C:\xampp\htdocs\gestion-travaux-domiciles4\backend\index.php(99): WorkerController->updateJobStatus()
#3 {main}
  thrown in C:\xampp\htdocs\gestion-travaux-domiciles4\backend\models\Revenue.php on line 32
[31-Mar-2026 01:39:16 Europe/Berlin] PHP Fatal error:  Uncaught PDOException: SQLSTATE[23000]: Integrity constraint violation: 1048 Column 'worker_id' cannot be null in C:\xampp\htdocs\gestion-travaux-domiciles4\backend\models\Revenue.php:32
Stack trace:
#0 C:\xampp\htdocs\gestion-travaux-domiciles4\backend\models\Revenue.php(32): PDOStatement->execute()
#1 C:\xampp\htdocs\gestion-travaux-domiciles4\backend\controllers\WorkerController.php(112): Revenue->recordRevenue('3', NULL, '400.00')
#2 C:\xampp\htdocs\gestion-travaux-domiciles4\backend\index.php(99): WorkerController->updateJobStatus()
#3 {main}
  thrown in C:\xampp\htdocs\gestion-travaux-domiciles4\backend\models\Revenue.php on line 32
[31-Mar-2026 01:39:16 Europe/Berlin] PHP Fatal error:  Uncaught PDOException: SQLSTATE[23000]: Integrity constraint violation: 1048 Column 'worker_id' cannot be null in C:\xampp\htdocs\gestion-travaux-domiciles4\backend\models\Revenue.php:32
Stack trace:
#0 C:\xampp\htdocs\gestion-travaux-domiciles4\backend\models\Revenue.php(32): PDOStatement->execute()
#1 C:\xampp\htdocs\gestion-travaux-domiciles4\backend\controllers\WorkerController.php(112): Revenue->recordRevenue('3', NULL, '400.00')
#2 C:\xampp\htdocs\gestion-travaux-domiciles4\backend\index.php(99): WorkerController->updateJobStatus()
#3 {main}
  thrown in C:\xampp\htdocs\gestion-travaux-domiciles4\backend\models\Revenue.php on line 32
[31-Mar-2026 01:39:18 Europe/Berlin] PHP Fatal error:  Uncaught PDOException: SQLSTATE[23000]: Integrity constraint violation: 1048 Column 'worker_id' cannot be null in C:\xampp\htdocs\gestion-travaux-domiciles4\backend\models\Revenue.php:32
Stack trace:
#0 C:\xampp\htdocs\gestion-travaux-domiciles4\backend\models\Revenue.php(32): PDOStatement->execute()
#1 C:\xampp\htdocs\gestion-travaux-domiciles4\backend\controllers\WorkerController.php(112): Revenue->recordRevenue('2', NULL, '78.00')
#2 C:\xampp\htdocs\gestion-travaux-domiciles4\backend\index.php(99): WorkerController->updateJobStatus()
#3 {main}
  thrown in C:\xampp\htdocs\gestion-travaux-domiciles4\backend\models\Revenue.php on line 32
[31-Mar-2026 01:56:35 Europe/Berlin] PHP Deprecated:  strip_tags(): Passing null to parameter #1 ($string) of type string is deprecated in C:\xampp\htdocs\gestion-travaux-domiciles4\backend\models\Notification.php on line 25
[31-Mar-2026 01:57:06 Europe/Berlin] PHP Deprecated:  strip_tags(): Passing null to parameter #1 ($string) of type string is deprecated in C:\xampp\htdocs\gestion-travaux-domiciles4\backend\models\Notification.php on line 25
[31-Mar-2026 02:17:31 Europe/Berlin] PHP Deprecated:  strip_tags(): Passing null to parameter #1 ($string) of type string is deprecated in C:\xampp\htdocs\gestion-travaux-domiciles4\backend\models\Notification.php on line 25
[31-Mar-2026 02:21:48 Europe/Berlin] PHP Deprecated:  strip_tags(): Passing null to parameter #1 ($string) of type string is deprecated in C:\xampp\htdocs\gestion-travaux-domiciles4\backend\models\Notification.php on line 25
[31-Mar-2026 02:21:53 Europe/Berlin] PHP Deprecated:  strip_tags(): Passing null to parameter #1 ($string) of type string is deprecated in C:\xampp\htdocs\gestion-travaux-domiciles4\backend\models\Notification.php on line 25
[31-Mar-2026 02:37:27 Europe/Berlin] PHP Deprecated:  strip_tags(): Passing null to parameter #1 ($string) of type string is deprecated in C:\xampp\htdocs\gestion-travaux-domiciles4\backend\models\Notification.php on line 25
[31-Mar-2026 02:37:51 Europe/Berlin] PHP Deprecated:  strip_tags(): Passing null to parameter #1 ($string) of type string is deprecated in C:\xampp\htdocs\gestion-travaux-domiciles4\backend\models\Notification.php on line 25
